📋 Основная информация о проекте

Файл: 35-РЕН-ПИР
Дата создания: 08 November 2021 г.
Схема: IFC4
Объект: N/A
Адрес: Жилой дом

🏗️ Структура здания

Здание: Жилой дом
Количество этажей: 23 (включая подземный этаж, чердак и уровни крыши)

Уровни:
-1: -1_Подземный этаж_основной (-6.2м)
1-18: Основные этажи (от 0.0 до 53.1м)
19: Чердак (59.1м)

📊 Количество элементов

Тип элемента	Количество
Стены (IfcWall)	1,221
Перекрытия (IfcSlab)	125
Колонны (IfcColumn)	32
Лестницы (IfcStair)	50
Элементы проемов (IfcOpeningElement)	490
Вспомогательные элементы (IfcBuildingElementProxy)	1,291

🧱 Материалы (15 типа)

Основные материалы включают:
Бетоны различных классов (02_Бетон B10, 02_Бетон B25 Гравий, 02_Бетон B30 W6 F150 Гравий, Бетон по умолчанию, Ремонтная смесь CONSOLIT BARS 112)
Гидроизоляционные мембраны (30_Гидроизоляция мембрана Техноэласт ЭПП в 2 слоя, Гидрошпонка "АКВАСТОП", тип ДЗ-160/50-6/35)
Растворы и стяжки (03_Раствор стяжка М100)
Прочие материалы (02_Сборный ЖБ, 03_Труба БНТ 100-1800, 33_Грунт Песок, Анкерная шпилька HIT-V-R, Песок и др.)

📁 Дополнительные данные

Наборы свойств: 13,710
Наборы количеств: 1,868
Связи материалов: 1,042
Определения по свойствам: 15,578